python : [2026-02-05 22:36:17,572] ERROR in app: Exception on 
/resume/analysis-results [GET]
At line:1 char:1
+ python test_integration_saas.py 2>&1 > test_output.txt; Get-Content t ...
+ ~~~~~~~~~~~~~~~~~~~~~~~~~~~~~~~~~~~~~~~~~~~~~~~~~~~~~~
    + CategoryInfo          : NotSpecified: ([2026-02-05 22:...s-results [GET] 
   :String) [], RemoteException
    + FullyQualifiedErrorId : NativeCommandError
 
Traceback (most recent call last):
  File "C:\Users\khana\AppData\Local\Packages\PythonSoftwareFoundation.Python.3
.11_qbz5n2kfra8p0\LocalCache\local-packages\Python311\site-packages\flask\app.p
y", line 2190, in wsgi_app
    response = self.full_dispatch_request()
               ^^^^^^^^^^^^^^^^^^^^^^^^^^^^
  File "C:\Users\khana\AppData\Local\Packages\PythonSoftwareFoundation.Python.3
.11_qbz5n2kfra8p0\LocalCache\local-packages\Python311\site-packages\flask\app.p
y", line 1486, in full_dispatch_request
    rv = self.handle_user_exception(e)
         ^^^^^^^^^^^^^^^^^^^^^^^^^^^^^
  File "C:\Users\khana\AppData\Local\Packages\PythonSoftwareFoundation.Python.3
.11_qbz5n2kfra8p0\LocalCache\local-packages\Python311\site-packages\flask\app.p
y", line 1484, in full_dispatch_request
    rv = self.dispatch_request()
         ^^^^^^^^^^^^^^^^^^^^^^^
  File "C:\Users\khana\AppData\Local\Packages\PythonSoftwareFoundation.Python.3
.11_qbz5n2kfra8p0\LocalCache\local-packages\Python311\site-packages\flask\app.p
y", line 1469, in dispatch_request
    return self.ensure_sync(self.view_functions[rule.endpoint])(**view_args)
           ^^^^^^^^^^^^^^^^^^^^^^^^^^^^^^^^^^^^^^^^^^^^^^^^^^^^^^^^^^^^^^^^^
  File 
"C:\Users\khana\IdeaProjects\smart-career-assistant\routes\resume_routes.py", 
line 127, in analysis_results
    return render_template('resume/analysis_results.html', result=result)
           ^^^^^^^^^^^^^^^^^^^^^^^^^^^^^^^^^^^^^^^^^^^^^^^^^^^^^^^^^^^^^^
  File "C:\Users\khana\AppData\Local\Packages\PythonSoftwareFoundation.Python.3
.11_qbz5n2kfra8p0\LocalCache\local-packages\Python311\site-packages\flask\templ
ating.py", line 150, in render_template
    template = app.jinja_env.get_or_select_template(template_name_or_list)
               ^^^^^^^^^^^^^^^^^^^^^^^^^^^^^^^^^^^^^^^^^^^^^^^^^^^^^^^^^^^
  File "C:\Users\khana\AppData\Local\Packages\PythonSoftwareFoundation.Python.3
.11_qbz5n2kfra8p0\LocalCache\local-packages\Python311\site-packages\jinja2\envi
ronment.py", line 1087, in get_or_select_template
    return self.get_template(template_name_or_list, parent, globals)
           ^^^^^^^^^^^^^^^^^^^^^^^^^^^^^^^^^^^^^^^^^^^^^^^^^^^^^^^^^
  File "C:\Users\khana\AppData\Local\Packages\PythonSoftwareFoundation.Python.3
.11_qbz5n2kfra8p0\LocalCache\local-packages\Python311\site-packages\jinja2\envi
ronment.py", line 1016, in get_template
    return self._load_template(name, globals)
           ^^^^^^^^^^^^^^^^^^^^^^^^^^^^^^^^^^
  File "C:\Users\khana\AppData\Local\Packages\PythonSoftwareFoundation.Python.3
.11_qbz5n2kfra8p0\LocalCache\local-packages\Python311\site-packages\jinja2\envi
ronment.py", line 975, in _load_template
    template = self.loader.load(self, name, self.make_globals(globals))
               ^^^^^^^^^^^^^^^^^^^^^^^^^^^^^^^^^^^^^^^^^^^^^^^^^^^^^^^^
  File "C:\Users\khana\AppData\Local\Packages\PythonSoftwareFoundation.Python.3
.11_qbz5n2kfra8p0\LocalCache\local-packages\Python311\site-packages\jinja2\load
ers.py", line 138, in load
    code = environment.compile(source, name, filename)
           ^^^^^^^^^^^^^^^^^^^^^^^^^^^^^^^^^^^^^^^^^^^
  File "C:\Users\khana\AppData\Local\Packages\PythonSoftwareFoundation.Python.3
.11_qbz5n2kfra8p0\LocalCache\local-packages\Python311\site-packages\jinja2\envi
ronment.py", line 771, in compile
    self.handle_exception(source=source_hint)
  File "C:\Users\khana\AppData\Local\Packages\PythonSoftwareFoundation.Python.3
.11_qbz5n2kfra8p0\LocalCache\local-packages\Python311\site-packages\jinja2\envi
ronment.py", line 942, in handle_exception
    raise rewrite_traceback_stack(source=source)
  File "C:\Users\khana\IdeaProjects\smart-career-assistant\templates\resume\ana
lysis_results.html", line 1000, in template
    {% endfor %} {% else %}
jinja2.exceptions.TemplateSyntaxError: Encountered unknown tag 'endfor'. You 
probably made a nesting mistake. Jinja is expecting this tag, but currently 
looking for 'elif' or 'else' or 'endif'. The innermost block that needs to be 
closed is 'if'.
[2026-02-05 22:36:17,598] ERROR in app: Exception on /resume/analysis-results 
[GET]
Traceback (most recent call last):
  File "C:\Users\khana\AppData\Local\Packages\PythonSoftwareFoundation.Python.3
.11_qbz5n2kfra8p0\LocalCache\local-packages\Python311\site-packages\flask\app.p
y", line 2190, in wsgi_app
    response = self.full_dispatch_request()
               ^^^^^^^^^^^^^^^^^^^^^^^^^^^^
  File "C:\Users\khana\AppData\Local\Packages\PythonSoftwareFoundation.Python.3
.11_qbz5n2kfra8p0\LocalCache\local-packages\Python311\site-packages\flask\app.p
y", line 1486, in full_dispatch_request
    rv = self.handle_user_exception(e)
         ^^^^^^^^^^^^^^^^^^^^^^^^^^^^^
  File "C:\Users\khana\AppData\Local\Packages\PythonSoftwareFoundation.Python.3
.11_qbz5n2kfra8p0\LocalCache\local-packages\Python311\site-packages\flask\app.p
y", line 1484, in full_dispatch_request
    rv = self.dispatch_request()
         ^^^^^^^^^^^^^^^^^^^^^^^
  File "C:\Users\khana\AppData\Local\Packages\PythonSoftwareFoundation.Python.3
.11_qbz5n2kfra8p0\LocalCache\local-packages\Python311\site-packages\flask\app.p
y", line 1469, in dispatch_request
    return self.ensure_sync(self.view_functions[rule.endpoint])(**view_args)
           ^^^^^^^^^^^^^^^^^^^^^^^^^^^^^^^^^^^^^^^^^^^^^^^^^^^^^^^^^^^^^^^^^
  File 
"C:\Users\khana\IdeaProjects\smart-career-assistant\routes\resume_routes.py", 
line 127, in analysis_results
    return render_template('resume/analysis_results.html', result=result)
           ^^^^^^^^^^^^^^^^^^^^^^^^^^^^^^^^^^^^^^^^^^^^^^^^^^^^^^^^^^^^^^
  File "C:\Users\khana\AppData\Local\Packages\PythonSoftwareFoundation.Python.3
.11_qbz5n2kfra8p0\LocalCache\local-packages\Python311\site-packages\flask\templ
ating.py", line 150, in render_template
    template = app.jinja_env.get_or_select_template(template_name_or_list)
               ^^^^^^^^^^^^^^^^^^^^^^^^^^^^^^^^^^^^^^^^^^^^^^^^^^^^^^^^^^^
  File "C:\Users\khana\AppData\Local\Packages\PythonSoftwareFoundation.Python.3
.11_qbz5n2kfra8p0\LocalCache\local-packages\Python311\site-packages\jinja2\envi
ronment.py", line 1087, in get_or_select_template
    return self.get_template(template_name_or_list, parent, globals)
           ^^^^^^^^^^^^^^^^^^^^^^^^^^^^^^^^^^^^^^^^^^^^^^^^^^^^^^^^^
  File "C:\Users\khana\AppData\Local\Packages\PythonSoftwareFoundation.Python.3
.11_qbz5n2kfra8p0\LocalCache\local-packages\Python311\site-packages\jinja2\envi
ronment.py", line 1016, in get_template
    return self._load_template(name, globals)
           ^^^^^^^^^^^^^^^^^^^^^^^^^^^^^^^^^^
  File "C:\Users\khana\AppData\Local\Packages\PythonSoftwareFoundation.Python.3
.11_qbz5n2kfra8p0\LocalCache\local-packages\Python311\site-packages\jinja2\envi
ronment.py", line 975, in _load_template
    template = self.loader.load(self, name, self.make_globals(globals))
               ^^^^^^^^^^^^^^^^^^^^^^^^^^^^^^^^^^^^^^^^^^^^^^^^^^^^^^^^
  File "C:\Users\khana\AppData\Local\Packages\PythonSoftwareFoundation.Python.3
.11_qbz5n2kfra8p0\LocalCache\local-packages\Python311\site-packages\jinja2\load
ers.py", line 138, in load
    code = environment.compile(source, name, filename)
           ^^^^^^^^^^^^^^^^^^^^^^^^^^^^^^^^^^^^^^^^^^^
  File "C:\Users\khana\AppData\Local\Packages\PythonSoftwareFoundation.Python.3
.11_qbz5n2kfra8p0\LocalCache\local-packages\Python311\site-packages\jinja2\envi
ronment.py", line 771, in compile
    self.handle_exception(source=source_hint)
  File "C:\Users\khana\AppData\Local\Packages\PythonSoftwareFoundation.Python.3
.11_qbz5n2kfra8p0\LocalCache\local-packages\Python311\site-packages\jinja2\envi
ronment.py", line 942, in handle_exception
    raise rewrite_traceback_stack(source=source)
  File "C:\Users\khana\IdeaProjects\smart-career-assistant\templates\resume\ana
lysis_results.html", line 1000, in template
    {% endfor %} {% else %}
jinja2.exceptions.TemplateSyntaxError: Encountered unknown tag 'endfor'. You 
probably made a nesting mistake. Jinja is expecting this tag, but currently 
looking for 'elif' or 'else' or 'endif'. The innermost block that needs to be 
closed is 'if'.
Database initialized at career_data.db
Database schema initialized
Application initialized successfully
Database connection established
All blueprints registered
======================================================================
COMPREHENSIVE SAAS PLATFORM INTEGRATION TEST
======================================================================

[TEST 1] Home Page Loading
----------------------------------------------------------------------
Γ£ô Home page loads successfully
Γ£ô Updated hero copy found

[TEST 2] Chatbot Authentication
----------------------------------------------------------------------
Γ£ô Chatbot correctly requires authentication
  Redirects to: /auth/login

[TEST 3] Resume Upload ΓåÆ Analysis Results Flow
----------------------------------------------------------------------
Γ£ù Error: errors/500.html

[TEST 4] Chat API Endpoints
----------------------------------------------------------------------
Γ£ô /api/chat/greeting works
  Message: Hello! ≡ƒÆ╝ What can I help you with regarding your c...
Γ£ô /api/chat/start works
  Session ID: 617b0504...

[TEST 5] Resume Upload Route
----------------------------------------------------------------------
Γ£ô /resume/upload page loads
Γ£ô Resume upload form content found

[TEST 6] Database and Models
----------------------------------------------------------------------
Γ£ù Error importing models: cannot import name 'User' from 'database.models' (C:\Users\khana\IdeaProjects\smart-career-assistant\database\models.py)

[TEST 7] Flask Session Configuration
----------------------------------------------------------------------
Γ£ô Secret key configured: True
Γ£ô Session permanent: False
Γ£ô Session lifetime: 30 days, 0:00:00
Γ£ô Max file size: 5.0 MB

[TEST 8] Template Rendering
----------------------------------------------------------------------
Γ£ù Error: errors/500.html

======================================================================
INTEGRATION TEST COMPLETE
======================================================================

Summary:
  Γ£ô Core routing verified
  Γ£ô Template files exist
  Γ£ô Session management working
  Γ£ô Authentication checks in place
  Γ£ô API endpoints registered

Next Steps:
  1. Start application: python app.py
  2. Test upload flow in browser
  3. Test chatbot with logged-in user
  4. Monitor database operations
======================================================================
